
> frontend@0.1.0 dev
> next dev --webpack

▲ Next.js 16.2.9 (webpack)
- Local:         http://localhost:3000
- Network:       http://192.168.0.2:3000
✓ Ready in 1023ms
Attention: Next.js now collects completely anonymous telemetry regarding usage.
This information is used to shape Next.js' roadmap and prioritize features.
You can learn more, including how to opt-out if you'd not like to participate in this anonymous program, by visiting the following URL:
https://nextjs.org/telemetry

 ✓ (pwa) Compiling for server...
 ✓ (pwa) Compiling for server...
 ✓ (pwa) Compiling for client (static)...
 ○ (pwa) Service worker: /app/frontend/public/sw.js
 ○ (pwa)   URL: /sw.js
 ○ (pwa)   Scope: /
 ○ (pwa) Building in development mode, caching and precaching are disabled for the most part. This means that offline support is disabled, but you can continue developing other functions in service worker.

○ Compiling / ...
⚠ Unsupported metadata themeColor is configured in metadata export in /. Please move it to viewport export instead.
Read more: https://nextjs.org/docs/app/api-reference/functions/generate-viewport
⚠ Unsupported metadata themeColor is configured in metadata export in /. Please move it to viewport export instead.
Read more: https://nextjs.org/docs/app/api-reference/functions/generate-viewport
 HEAD / 307 in 16.2s (next.js: 15.4s, application-code: 832ms)
○ Compiling /login ...
⚠ Unsupported metadata themeColor is configured in metadata export in /login. Please move it to viewport export instead.
Read more: https://nextjs.org/docs/app/api-reference/functions/generate-viewport
 GET /login 200 in 6.4s (next.js: 5.1s, application-code: 1263ms)
⚠ Unsupported metadata themeColor is configured in metadata export in /login. Please move it to viewport export instead.
Read more: https://nextjs.org/docs/app/api-reference/functions/generate-viewport
 GET /login 200 in 139ms (next.js: 14ms, application-code: 125ms)
