◇ injected env (8) from .env // tip: ⌘ enable debugging { debug: true }
◇ injected env (0) from .env // tip: ⌁ auth for agents [www.vestauth.com]
✅ Firebase Admin SDK initialized — connected to project: voting-0
Server is running on port 5001
[Migration] Tenant 'compssa' already exists. Skipping migration.
[Auth Middleware] Authorization header: Bearer eyJhbGciOiJIU...
[Auth Middleware] JWT_SECRET set: true
[Auth Middleware] Token: eyJhbGciOiJIUzI1NiIsInR5cCI6Ik...
[Auth Middleware] Attempting Firebase token verification
[Auth Middleware] Firebase verification failed, trying JWT: Cannot read properties of undefined (reading 'auth')
[Auth Middleware] JWT token verified
[Auth Middleware] Authorization header: Bearer eyJhbGciOiJIU...
[Auth Middleware] JWT_SECRET set: true
[Auth Middleware] Token: eyJhbGciOiJIUzI1NiIsInR5cCI6Ik...
[Auth Middleware] Attempting Firebase token verification
[Auth Middleware] Firebase verification failed, trying JWT: Cannot read properties of undefined (reading 'auth')
[Auth Middleware] JWT token verified
[Add Candidate] Request body: {
  name: 'John Doe',
  position: 'President',
  manifesto: "John's Manifesto",
  electionId: 'ThMC7DRUTzazxZlCEFJe',
  isIndependent: false,
  ballotNumber: '2'
}
[Add Candidate] Creating candidate with data: {
  name: 'John Doe',
  manifesto: "John's Manifesto",
  manifestoUrl: '',
  electionId: 'ThMC7DRUTzazxZlCEFJe',
  position: 'President',
  photoUrl: '',
  votes: 0,
  noVotes: 0,
  isIndependent: false,
  ballotNumber: '2',
  createdAt: 1786213339293
}
[Add Candidate] Candidate created with ID: gJ3kKKXtoyxt3Jlcrr8m
[Auth Middleware] Authorization header: Bearer eyJhbGciOiJIU...
[Auth Middleware] JWT_SECRET set: true
[Auth Middleware] Token: eyJhbGciOiJIUzI1NiIsInR5cCI6Ik...
[Auth Middleware] Attempting Firebase token verification
[Auth Middleware] Firebase verification failed, trying JWT: Cannot read properties of undefined (reading 'auth')
[Auth Middleware] JWT token verified
[Add Candidate] Request body: {
  name: 'Jane Smith',
  position: 'President',
  manifesto: "Jane's Manifesto",
  electionId: 'ThMC7DRUTzazxZlCEFJe',
  isIndependent: false,
  ballotNumber: '1'
}
[Add Candidate] Creating candidate with data: {
  name: 'Jane Smith',
  manifesto: "Jane's Manifesto",
  manifestoUrl: '',
  electionId: 'ThMC7DRUTzazxZlCEFJe',
  position: 'President',
  photoUrl: '',
  votes: 0,
  noVotes: 0,
  isIndependent: false,
  ballotNumber: '1',
  createdAt: 1786213339425
}
[Add Candidate] Candidate created with ID: ximWV1JCFahJFBfmypqG
[Auth Middleware] Authorization header: Bearer eyJhbGciOiJIU...
[Auth Middleware] JWT_SECRET set: true
[Auth Middleware] Token: eyJhbGciOiJIUzI1NiIsInR5cCI6Ik...
[Auth Middleware] Attempting Firebase token verification
[Auth Middleware] Firebase verification failed, trying JWT: Cannot read properties of undefined (reading 'auth')
[Auth Middleware] JWT token verified
[Add Candidate] Request body: {
  name: 'Bob Johnson',
  position: 'Financial Secretary',
  manifesto: "Bob's Manifesto",
  electionId: 'ThMC7DRUTzazxZlCEFJe',
  isIndependent: true,
  ballotNumber: '1'
}
[Add Candidate] Creating candidate with data: {
  name: 'Bob Johnson',
  manifesto: "Bob's Manifesto",
  manifestoUrl: '',
  electionId: 'ThMC7DRUTzazxZlCEFJe',
  position: 'Financial Secretary',
  photoUrl: '',
  votes: 0,
  noVotes: 0,
  isIndependent: true,
  ballotNumber: '1',
  createdAt: 1786213339603
}
[Add Candidate] Candidate created with ID: YiFC4qNhBGWwZzHGRzvM
[Auth Middleware] Authorization header: Bearer eyJhbGciOiJIU...
[Auth Middleware] JWT_SECRET set: true
[Auth Middleware] Token: eyJhbGciOiJIUzI1NiIsInR5cCI6Ik...
[Auth Middleware] Attempting Firebase token verification
[Auth Middleware] Firebase verification failed, trying JWT: Cannot read properties of undefined (reading 'auth')
[Auth Middleware] JWT token verified
[Auth Middleware] Authorization header: Bearer eyJhbGciOiJIU...
[Auth Middleware] JWT_SECRET set: true
[Auth Middleware] Token: eyJhbGciOiJIUzI1NiIsInR5cCI6Ik...
[Auth Middleware] Attempting Firebase token verification
[Auth Middleware] Firebase verification failed, trying JWT: Cannot read properties of undefined (reading 'auth')
[Auth Middleware] JWT token verified
[EmailJS Warning] Missing EmailJS env variables. Code for voter1@htu.edu.gh is: 428700
[BMS SMS] Dispatching OTP 428700 to 0241111111 via BMS Africa
[BMS SMS] Response: {"status":"success","code":"2000","message":"messages sent successfully","summary":{"_id":"EC3B7DFD-B1B1-493A-B025-4B53B7865656","message_id":"20260808233557138306V2","type":"API QUICK SMS","total_sent":1,"contacts":1,"total_rejected":0,"numbers_sent":["0241111111"],"credit_used":1,"credit_left":882,"wallet_used":0}}
[Auth Middleware] Authorization header: Bearer eyJhbGciOiJIU...
[Auth Middleware] JWT_SECRET set: true
[Auth Middleware] Token: eyJhbGciOiJIUzI1NiIsInR5cCI6Ik...
[Auth Middleware] Attempting Firebase token verification
[Auth Middleware] Firebase verification failed, trying JWT: Cannot read properties of undefined (reading 'auth')
[Auth Middleware] JWT token verified
[Auth Middleware] Authorization header: Bearer eyJhbGciOiJIU...
[Auth Middleware] JWT_SECRET set: true
[Auth Middleware] Token: eyJhbGciOiJIUzI1NiIsInR5cCI6Ik...
[Auth Middleware] Attempting Firebase token verification
[Auth Middleware] Firebase verification failed, trying JWT: Cannot read properties of undefined (reading 'auth')
[Auth Middleware] JWT token verified
[Cast Vote] Vote attempt: {
  electionId: 'ThMC7DRUTzazxZlCEFJe',
  candidateId: 'ximWV1JCFahJFBfmypqG',
  choice: undefined,
  voterId: 'voter-001'
}
[Cast Vote] Vote cast successfully: {
  voterId: 'voter-001',
  candidateId: 'ximWV1JCFahJFBfmypqG',
  position: 'President',
  choice: 'yes'
}
[Auth Middleware] Authorization header: Bearer eyJhbGciOiJIU...
[Auth Middleware] JWT_SECRET set: true
[Auth Middleware] Token: eyJhbGciOiJIUzI1NiIsInR5cCI6Ik...
[Auth Middleware] Attempting Firebase token verification
[Auth Middleware] Firebase verification failed, trying JWT: Cannot read properties of undefined (reading 'auth')
[Auth Middleware] JWT token verified
[Cast Vote] Vote attempt: {
  electionId: 'ThMC7DRUTzazxZlCEFJe',
  candidateId: 'YiFC4qNhBGWwZzHGRzvM',
  choice: 'yes',
  voterId: 'voter-001'
}
[Cast Vote] Vote cast successfully: {
  voterId: 'voter-001',
  candidateId: 'YiFC4qNhBGWwZzHGRzvM',
  position: 'Financial Secretary',
  choice: 'yes'
}
[Auth Middleware] Authorization header: Bearer eyJhbGciOiJIU...
[Auth Middleware] JWT_SECRET set: true
[Auth Middleware] Token: eyJhbGciOiJIUzI1NiIsInR5cCI6Ik...
[Auth Middleware] Attempting Firebase token verification
[Auth Middleware] Firebase verification failed, trying JWT: Cannot read properties of undefined (reading 'auth')
[Auth Middleware] JWT token verified
[EmailJS Warning] Missing EmailJS env variables. Code for voter2@htu.edu.gh is: 869669
[BMS SMS] Dispatching OTP 869669 to 0242222222 via BMS Africa
[BMS SMS] Response: {"status":"success","code":"2000","message":"messages sent successfully","summary":{"_id":"F6CAFCE5-114E-4214-97A4-1031176CF144","message_id":"20260808233557138306V2","type":"API QUICK SMS","total_sent":1,"contacts":1,"total_rejected":0,"numbers_sent":["0242222222"],"credit_used":1,"credit_left":881,"wallet_used":0}}
[Auth Middleware] Authorization header: Bearer eyJhbGciOiJIU...
[Auth Middleware] JWT_SECRET set: true
[Auth Middleware] Token: eyJhbGciOiJIUzI1NiIsInR5cCI6Ik...
[Auth Middleware] Attempting Firebase token verification
[Auth Middleware] Firebase verification failed, trying JWT: Cannot read properties of undefined (reading 'auth')
[Auth Middleware] JWT token verified
[Auth Middleware] Authorization header: Bearer eyJhbGciOiJIU...
[Auth Middleware] JWT_SECRET set: true
[Auth Middleware] Token: eyJhbGciOiJIUzI1NiIsInR5cCI6Ik...
[Auth Middleware] Attempting Firebase token verification
[Auth Middleware] Firebase verification failed, trying JWT: Cannot read properties of undefined (reading 'auth')
[Auth Middleware] JWT token verified
[Cast Vote] Vote attempt: {
  electionId: 'ThMC7DRUTzazxZlCEFJe',
  candidateId: 'ximWV1JCFahJFBfmypqG',
  choice: undefined,
  voterId: 'voter-002'
}
[Cast Vote] Vote cast successfully: {
  voterId: 'voter-002',
  candidateId: 'ximWV1JCFahJFBfmypqG',
  position: 'President',
  choice: 'yes'
}
[Auth Middleware] Authorization header: Bearer eyJhbGciOiJIU...
[Auth Middleware] JWT_SECRET set: true
[Auth Middleware] Token: eyJhbGciOiJIUzI1NiIsInR5cCI6Ik...
[Auth Middleware] Attempting Firebase token verification
[Auth Middleware] Firebase verification failed, trying JWT: Cannot read properties of undefined (reading 'auth')
[Auth Middleware] JWT token verified
[Cast Vote] Vote attempt: {
  electionId: 'ThMC7DRUTzazxZlCEFJe',
  candidateId: 'YiFC4qNhBGWwZzHGRzvM',
  choice: 'no',
  voterId: 'voter-002'
}
[Cast Vote] Vote cast successfully: {
  voterId: 'voter-002',
  candidateId: 'YiFC4qNhBGWwZzHGRzvM',
  position: 'Financial Secretary',
  choice: 'no'
}
[Auth Middleware] Authorization header: Bearer eyJhbGciOiJIU...
[Auth Middleware] JWT_SECRET set: true
[Auth Middleware] Token: eyJhbGciOiJIUzI1NiIsInR5cCI6Ik...
[Auth Middleware] Attempting Firebase token verification
[Auth Middleware] Firebase verification failed, trying JWT: Cannot read properties of undefined (reading 'auth')
[Auth Middleware] JWT token verified
[Cast Vote] Vote attempt: {
  electionId: 'ThMC7DRUTzazxZlCEFJe',
  candidateId: 'gJ3kKKXtoyxt3Jlcrr8m',
  choice: undefined,
  voterId: 'voter-001'
}
[Cast Vote] User already voted.
[FRAUD ALERT] DUPLICATE_VOTE: Voter tried to vote twice in the same category
[Auth Middleware] Authorization header: Bearer eyJhbGciOiJIU...
[Auth Middleware] JWT_SECRET set: true
[Auth Middleware] Token: eyJhbGciOiJIUzI1NiIsInR5cCI6Ik...
[Auth Middleware] Attempting Firebase token verification
[Auth Middleware] Firebase verification failed, trying JWT: Cannot read properties of undefined (reading 'auth')
[Auth Middleware] JWT token verified
